t1
t3
t6
t7
t8
t9
t15
t17
t20
t21
t22
t24
t30
t31
t32
t36
t37
t38
t39
t40
t41
t42
