t1
t2
t3
t4
t5
t6
t7
t8
t9
t15
t16
t17
t19
t20
t21
t22
t23
t24
t25
t26
t30
t31
t32
t35
t36
t37
t38
t39
t40
t41
t42
