t1
t2
t4
t8
t9
t21
t23
t30
t31
t32
t35
t36
t38
t40
t41
