test57
test58
test77
test78
test97
test98
test117
test118
test137
test138
test157
test158
test177
test178
test197
test198
