t38
t50
t51
t56
t57
t81
t83
t108
t147
t163
t186
t187
t195
