t1
t2
t3
t4
t5
t6
t7
t8
t9
t10
t12
t22
t24
t25
t26
t27
t28
t30
t31
t38
t40
t41
t42
t43
t44
t45
t46
t47
t48
t49
t50
t51
t52
t53
t54
t55
t56
t57
t58
t59
t60
t61
t62
t63
t64
t65
t66
t67
t68
t69
t70
t71
t72
t73
t74
t75
t76
t77
t78
t79
t82
t83
t85
t86
t87
t88
t89
t90
t91
t92
t93
t94
t95
t96
t97
t98
t99
t100
t101
t102
t103
t104
t105
t106
t107
t108
t109
t110
t111
t112
t113
t114
t115
t116
t117
t118
t119
t120
t121
t122
t123
t124
t125
t126
t127
t128
t134
t136
t137
t140
t141
t143
t146
t147
t152
t155
t157
t158
t159
t161
t162
t163
t164
t167
t173
t176
t179
t180
t182
t184
t185
t186
t187
t194
t195
t196
t197
