t108
t109
t110
t111
t112
t113
t170
t171
t172
t197
t198
t199
